2026-06-12 23:23:34,639 [INFO] [MetricsCallback] Run ID: mamba_006 | Log: experiments/logs/mamba_006.log | Figures: figures/mamba_006
2026-06-12 23:23:34,639 [INFO] Avvio addestramento Mamba Whole Video. Run: mamba_006
2026-06-12 23:23:34,650 [INFO] Dispositivo: cuda
2026-06-12 23:23:59,804 [INFO] Modello: Mamba (Whole Video) — Parametri trainabili: 3,188,483
2026-06-12 23:24:00,399 [INFO] ================================================================
2026-06-12 23:24:00,399 [INFO] MODELLO : MAMBA  |  RUN : mamba_006
2026-06-12 23:24:00,399 [INFO] AVVIO   : 2026-06-12 23:24:00
2026-06-12 23:24:00,400 [INFO] ================================================================
2026-06-12 23:24:00,400 [INFO] PARAMETRI TRAINING:
2026-06-12 23:24:00,400 [INFO]   accumulate_grad_batches            : 2
2026-06-12 23:24:00,400 [INFO]   batch_size                         : 4
2026-06-12 23:24:00,400 [INFO]   ckpt_dir                           : experiments/checkpoints
2026-06-12 23:24:00,400 [INFO]   class_weight_exp                   : 1.0
2026-06-12 23:24:00,400 [INFO]   d_model                            : 256
2026-06-12 23:24:00,401 [INFO]   dropout                            : 0.2
2026-06-12 23:24:00,401 [INFO]   epochs                             : 100
2026-06-12 23:24:00,401 [INFO]   focal_gamma                        : 2.0
2026-06-12 23:24:00,401 [INFO]   lr                                 : 5e-05
2026-06-12 23:24:00,401 [INFO]   max_seq_len                        : 12000
2026-06-12 23:24:00,401 [INFO]   n_layers                           : 6
2026-06-12 23:24:00,401 [INFO]   no_wandb                           : False
2026-06-12 23:24:00,401 [INFO]   num_workers                        : 4
2026-06-12 23:24:00,402 [INFO]   processed_dir                      : data/processed
2026-06-12 23:24:00,402 [INFO]   resume                             : False
2026-06-12 23:24:00,402 [INFO]   seed                               : 42
2026-06-12 23:24:00,402 [INFO]   test_split                         : 0.15
2026-06-12 23:24:00,402 [INFO]   use_checkpointing                  : True
2026-06-12 23:24:00,402 [INFO]   val_split                          : 0.15
2026-06-12 23:24:00,402 [INFO]   wandb_project                      : mistake-detection
2026-06-12 23:24:00,402 [INFO]   wandb_run_name                     : mamba-ssm-wholevid-5324
2026-06-12 23:24:00,403 [INFO]   weight_decay                       : 0.001
2026-06-12 23:24:00,403 [INFO] ================================================================
2026-06-12 23:24:38,695 [INFO] Epoch   0 | train_loss: 1.1822 | val_loss: 0.3988 | mistake    → P:0.019 R:0.032 F1:0.024 | correction → P:0.002 R:0.009 F1:0.004 | lr: 2.00e-05
2026-06-12 23:25:10,455 [INFO] Epoch   1 | train_loss: 0.6588 | val_loss: 0.3456 | mistake    → P:0.041 R:0.015 F1:0.021 | correction → P:0.000 R:0.000 F1:0.000 | lr: 3.50e-05
2026-06-12 23:25:42,396 [INFO] Epoch   2 | train_loss: 0.4914 | val_loss: 0.3468 | mistake    → P:0.110 R:0.006 F1:0.011 | correction → P:0.000 R:0.000 F1:0.000 | lr: 5.00e-05
2026-06-12 23:26:14,305 [INFO] Epoch   3 | train_loss: 0.4221 | val_loss: 0.3202 | mistake    → P:0.094 R:0.003 F1:0.006 | correction → P:0.027 R:0.011 F1:0.016 | lr: 5.00e-05
2026-06-12 23:26:46,276 [INFO] Epoch   4 | train_loss: 0.3829 | val_loss: 0.3060 | mistake    → P:0.156 R:0.002 F1:0.003 | correction → P:0.000 R:0.000 F1:0.000 | lr: 4.99e-05
2026-06-12 23:27:17,993 [INFO] Epoch   5 | train_loss: 0.3565 | val_loss: 0.3134 | mistake    → P:0.091 R:0.026 F1:0.041 | correction → P:0.000 R:0.000 F1:0.000 | lr: 4.99e-05
2026-06-12 23:27:50,160 [INFO] Epoch   6 | train_loss: 0.3561 | val_loss: 0.3002 | mistake    → P:0.121 R:0.048 F1:0.069 | correction → P:0.009 R:0.000 F1:0.001 | lr: 4.98e-05
2026-06-12 23:28:21,965 [INFO] Epoch   7 | train_loss: 0.3277 | val_loss: 0.3384 | mistake    → P:0.102 R:0.021 F1:0.035 | correction → P:0.056 R:0.002 F1:0.003 | lr: 4.97e-05
2026-06-12 23:28:53,859 [INFO] Epoch   8 | train_loss: 0.3202 | val_loss: 0.3091 | mistake    → P:0.132 R:0.117 F1:0.124 | correction → P:0.076 R:0.004 F1:0.008 | lr: 4.95e-05
2026-06-12 23:29:25,640 [INFO] Epoch   9 | train_loss: 0.3026 | val_loss: 0.3188 | mistake    → P:0.106 R:0.036 F1:0.054 | correction → P:0.059 R:0.008 F1:0.015 | lr: 4.94e-05
2026-06-12 23:29:57,583 [INFO] Epoch  10 | train_loss: 0.2912 | val_loss: 0.3281 | mistake    → P:0.110 R:0.098 F1:0.104 | correction → P:0.055 R:0.011 F1:0.018 | lr: 4.92e-05
2026-06-12 23:30:29,528 [INFO] Epoch  11 | train_loss: 0.2802 | val_loss: 0.3191 | mistake    → P:0.096 R:0.045 F1:0.061 | correction → P:0.030 R:0.017 F1:0.022 | lr: 4.90e-05
2026-06-12 23:31:01,399 [INFO] Epoch  12 | train_loss: 0.2644 | val_loss: 0.3583 | mistake    → P:0.112 R:0.198 F1:0.143 | correction → P:0.059 R:0.037 F1:0.046 | lr: 4.87e-05
2026-06-12 23:31:33,224 [INFO] Epoch  13 | train_loss: 0.2443 | val_loss: 0.3626 | mistake    → P:0.059 R:0.092 F1:0.071 | correction → P:0.073 R:0.031 F1:0.043 | lr: 4.84e-05
2026-06-12 23:32:04,636 [INFO] Epoch  14 | train_loss: 0.2291 | val_loss: 0.3910 | mistake    → P:0.093 R:0.114 F1:0.102 | correction → P:0.036 R:0.221 F1:0.062 | lr: 4.82e-05
2026-06-12 23:32:36,551 [INFO] Epoch  15 | train_loss: 0.2231 | val_loss: 0.4123 | mistake    → P:0.141 R:0.139 F1:0.140 | correction → P:0.007 R:0.005 F1:0.006 | lr: 4.78e-05
2026-06-12 23:33:08,491 [INFO] Epoch  16 | train_loss: 0.2079 | val_loss: 0.4328 | mistake    → P:0.139 R:0.105 F1:0.120 | correction → P:0.043 R:0.044 F1:0.043 | lr: 4.75e-05
2026-06-12 23:33:40,414 [INFO] Epoch  17 | train_loss: 0.1947 | val_loss: 0.4622 | mistake    → P:0.055 R:0.129 F1:0.077 | correction → P:0.027 R:0.101 F1:0.043 | lr: 4.71e-05
2026-06-12 23:34:11,992 [INFO] Epoch  18 | train_loss: 0.1831 | val_loss: 0.4538 | mistake    → P:0.135 R:0.131 F1:0.133 | correction → P:0.044 R:0.034 F1:0.038 | lr: 4.68e-05
2026-06-12 23:34:43,921 [INFO] Epoch  19 | train_loss: 0.1744 | val_loss: 0.4812 | mistake    → P:0.130 R:0.077 F1:0.097 | correction → P:0.047 R:0.100 F1:0.064 | lr: 4.63e-05
2026-06-12 23:35:15,509 [INFO] Epoch  20 | train_loss: 0.1677 | val_loss: 0.5331 | mistake    → P:0.110 R:0.133 F1:0.121 | correction → P:0.032 R:0.053 F1:0.040 | lr: 4.59e-05
2026-06-12 23:35:47,086 [INFO] Epoch  21 | train_loss: 0.1524 | val_loss: 0.5169 | mistake    → P:0.101 R:0.147 F1:0.120 | correction → P:0.040 R:0.074 F1:0.052 | lr: 4.55e-05
2026-06-12 23:36:18,768 [INFO] Epoch  22 | train_loss: 0.1499 | val_loss: 0.4990 | mistake    → P:0.089 R:0.081 F1:0.085 | correction → P:0.041 R:0.205 F1:0.068 | lr: 4.50e-05
2026-06-12 23:36:50,335 [INFO] Epoch  23 | train_loss: 0.1575 | val_loss: 0.5019 | mistake    → P:0.088 R:0.127 F1:0.104 | correction → P:0.063 R:0.192 F1:0.095 | lr: 4.45e-05
2026-06-12 23:37:22,071 [INFO] Epoch  24 | train_loss: 0.1392 | val_loss: 0.5415 | mistake    → P:0.138 R:0.118 F1:0.127 | correction → P:0.048 R:0.117 F1:0.068 | lr: 4.40e-05
2026-06-12 23:37:54,067 [INFO] Epoch  25 | train_loss: 0.1383 | val_loss: 0.6040 | mistake    → P:0.116 R:0.156 F1:0.133 | correction → P:0.047 R:0.056 F1:0.051 | lr: 4.34e-05
2026-06-12 23:38:25,960 [INFO] Epoch  26 | train_loss: 0.1299 | val_loss: 0.6070 | mistake    → P:0.071 R:0.155 F1:0.097 | correction → P:0.031 R:0.045 F1:0.037 | lr: 4.29e-05
2026-06-12 23:38:57,541 [INFO] Epoch  27 | train_loss: 0.1207 | val_loss: 0.5867 | mistake    → P:0.067 R:0.141 F1:0.091 | correction → P:0.045 R:0.170 F1:0.071 | lr: 4.23e-05
2026-06-12 23:39:29,152 [INFO] Epoch  28 | train_loss: 0.1118 | val_loss: 0.5474 | mistake    → P:0.083 R:0.141 F1:0.105 | correction → P:0.034 R:0.147 F1:0.056 | lr: 4.17e-05
2026-06-12 23:40:00,834 [INFO] Epoch  29 | train_loss: 0.1119 | val_loss: 0.6408 | mistake    → P:0.089 R:0.176 F1:0.118 | correction → P:0.044 R:0.082 F1:0.057 | lr: 4.11e-05
2026-06-12 23:40:32,388 [INFO] Epoch  30 | train_loss: 0.1006 | val_loss: 0.6112 | mistake    → P:0.095 R:0.153 F1:0.117 | correction → P:0.048 R:0.116 F1:0.068 | lr: 4.05e-05
2026-06-12 23:41:03,941 [INFO] Epoch  31 | train_loss: 0.1006 | val_loss: 0.7439 | mistake    → P:0.138 R:0.136 F1:0.137 | correction → P:0.051 R:0.049 F1:0.050 | lr: 3.99e-05
2026-06-12 23:41:35,775 [INFO] Epoch  32 | train_loss: 0.1030 | val_loss: 0.6780 | mistake    → P:0.095 R:0.109 F1:0.101 | correction → P:0.033 R:0.083 F1:0.047 | lr: 3.92e-05
2026-06-12 23:42:07,342 [INFO] Epoch  33 | train_loss: 0.0920 | val_loss: 0.6647 | mistake    → P:0.087 R:0.183 F1:0.118 | correction → P:0.019 R:0.037 F1:0.025 | lr: 3.85e-05
2026-06-12 23:42:38,822 [INFO] Epoch  34 | train_loss: 0.0858 | val_loss: 0.6953 | mistake    → P:0.065 R:0.105 F1:0.080 | correction → P:0.041 R:0.086 F1:0.056 | lr: 3.79e-05
2026-06-12 23:43:10,373 [INFO] Epoch  35 | train_loss: 0.0856 | val_loss: 0.6673 | mistake    → P:0.084 R:0.154 F1:0.108 | correction → P:0.032 R:0.057 F1:0.041 | lr: 3.72e-05
2026-06-12 23:43:41,986 [INFO] Epoch  36 | train_loss: 0.0842 | val_loss: 0.7106 | mistake    → P:0.075 R:0.140 F1:0.098 | correction → P:0.043 R:0.062 F1:0.051 | lr: 3.65e-05
2026-06-12 23:44:13,534 [INFO] Epoch  37 | train_loss: 0.0739 | val_loss: 0.7091 | mistake    → P:0.067 R:0.114 F1:0.085 | correction → P:0.039 R:0.082 F1:0.053 | lr: 3.57e-05
2026-06-12 23:44:45,158 [INFO] Epoch  38 | train_loss: 0.0736 | val_loss: 0.7911 | mistake    → P:0.095 R:0.104 F1:0.099 | correction → P:0.017 R:0.022 F1:0.019 | lr: 3.50e-05
2026-06-12 23:45:16,763 [INFO] Epoch  39 | train_loss: 0.0694 | val_loss: 0.8231 | mistake    → P:0.064 R:0.059 F1:0.061 | correction → P:0.017 R:0.029 F1:0.022 | lr: 3.43e-05
2026-06-12 23:45:16,882 [INFO] ================================================================
2026-06-12 23:45:16,882 [INFO] TRAINING COMPLETATO
2026-06-12 23:45:16,883 [INFO] Best epoch    : 6
2026-06-12 23:45:16,883 [INFO] Best val_loss : 0.3002
2026-06-12 23:45:16,883 [INFO] ================================================================
2026-06-12 23:45:17,388 [INFO] Grafici training salvati in: figures/mamba_006
2026-06-12 23:45:17,391 [INFO] Best checkpoint: /home/mssdmn01t05c351v/assembly-mistake-detection/experiments/checkpoints/mamba-wholevid-epoch=24-val_f1=val/f1_macro=0.3863.ckpt
2026-06-12 23:45:22,755 [INFO] ================================================================
2026-06-12 23:45:22,756 [INFO] RISULTATI TEST SET:
2026-06-12 23:45:22,756 [INFO]   test/loss: 0.5340
2026-06-12 23:45:22,901 [INFO]   test/correct    → P:0.9651 R:0.9363 F1:0.9505
2026-06-12 23:45:22,901 [INFO]   test/mistake    → P:0.0925 R:0.1201 F1:0.1045
2026-06-12 23:45:22,901 [INFO]   test/correction → P:0.0137 R:0.0474 F1:0.0212
2026-06-12 23:45:22,901 [INFO] ================================================================
2026-06-12 23:45:23,773 [INFO] Grafici test salvati in: figures/mamba_006
