2026-06-12 19:14:48,406 [INFO] [MetricsCallback] Run ID: mamba_002 | Log: experiments/logs/mamba_002.log | Figures: figures/mamba_002
2026-06-12 19:14:48,406 [INFO] Avvio addestramento Mamba Whole Video. Run: mamba_002
2026-06-12 19:14:48,417 [INFO] Dispositivo: cuda
2026-06-12 19:15:13,391 [INFO] Modello: Mamba (Whole Video) — Parametri trainabili: 11,357,699
2026-06-12 19:15:14,202 [INFO] ================================================================
2026-06-12 19:15:14,203 [INFO] MODELLO : MAMBA  |  RUN : mamba_002
2026-06-12 19:15:14,203 [INFO] AVVIO   : 2026-06-12 19:15:14
2026-06-12 19:15:14,203 [INFO] ================================================================
2026-06-12 19:15:14,203 [INFO] PARAMETRI TRAINING:
2026-06-12 19:15:14,203 [INFO]   accumulate_grad_batches            : 2
2026-06-12 19:15:14,203 [INFO]   batch_size                         : 4
2026-06-12 19:15:14,203 [INFO]   ckpt_dir                           : experiments/checkpoints
2026-06-12 19:15:14,204 [INFO]   class_weight_exp                   : 1.0
2026-06-12 19:15:14,204 [INFO]   d_model                            : 512
2026-06-12 19:15:14,204 [INFO]   dropout                            : 0.2
2026-06-12 19:15:14,204 [INFO]   epochs                             : 100
2026-06-12 19:15:14,204 [INFO]   focal_gamma                        : 2.0
2026-06-12 19:15:14,204 [INFO]   lr                                 : 5e-05
2026-06-12 19:15:14,204 [INFO]   max_seq_len                        : 20000
2026-06-12 19:15:14,204 [INFO]   n_layers                           : 6
2026-06-12 19:15:14,205 [INFO]   no_wandb                           : False
2026-06-12 19:15:14,205 [INFO]   num_workers                        : 4
2026-06-12 19:15:14,205 [INFO]   processed_dir                      : data/processed
2026-06-12 19:15:14,205 [INFO]   resume                             : False
2026-06-12 19:15:14,205 [INFO]   seed                               : 42
2026-06-12 19:15:14,205 [INFO]   test_split                         : 0.15
2026-06-12 19:15:14,205 [INFO]   use_checkpointing                  : True
2026-06-12 19:15:14,205 [INFO]   val_split                          : 0.15
2026-06-12 19:15:14,206 [INFO]   wandb_project                      : mistake-detection
2026-06-12 19:15:14,206 [INFO]   wandb_run_name                     : mamba-ssm-wholevid-5318
2026-06-12 19:15:14,206 [INFO]   weight_decay                       : 0.001
2026-06-12 19:15:14,206 [INFO] ================================================================
2026-06-12 19:16:12,092 [INFO] Epoch   0 | train_loss: 0.7768 | val_loss: 0.4375 | mistake    → P:0.112 R:0.019 F1:0.032 | correction → P:0.000 R:0.000 F1:0.000 | lr: 2.00e-05
2026-06-12 19:17:03,006 [INFO] Epoch   1 | train_loss: 0.5965 | val_loss: 0.3607 | mistake    → P:0.070 R:0.017 F1:0.027 | correction → P:0.013 R:0.005 F1:0.007 | lr: 3.50e-05
2026-06-12 19:17:55,009 [INFO] Epoch   2 | train_loss: 0.4590 | val_loss: 0.3107 | mistake    → P:0.086 R:0.014 F1:0.024 | correction → P:0.018 R:0.007 F1:0.010 | lr: 5.00e-05
2026-06-12 19:18:47,178 [INFO] Epoch   3 | train_loss: 0.4047 | val_loss: 0.2989 | mistake    → P:0.072 R:0.221 F1:0.109 | correction → P:0.026 R:0.007 F1:0.011 | lr: 5.00e-05
2026-06-12 19:19:36,187 [INFO] Epoch   4 | train_loss: 0.3501 | val_loss: 0.2855 | mistake    → P:0.000 R:0.000 F1:0.000 | correction → P:0.000 R:0.000 F1:0.000 | lr: 4.99e-05
2026-06-12 19:20:24,044 [INFO] Epoch   5 | train_loss: 0.3171 | val_loss: 0.2842 | mistake    → P:0.073 R:0.043 F1:0.054 | correction → P:0.011 R:0.001 F1:0.001 | lr: 4.99e-05
2026-06-12 19:21:11,857 [INFO] Epoch   6 | train_loss: 0.2962 | val_loss: 0.2936 | mistake    → P:0.013 R:0.004 F1:0.006 | correction → P:0.038 R:0.034 F1:0.036 | lr: 4.98e-05
2026-06-12 19:21:59,510 [INFO] Epoch   7 | train_loss: 0.2769 | val_loss: 0.3367 | mistake    → P:0.078 R:0.094 F1:0.085 | correction → P:0.052 R:0.008 F1:0.013 | lr: 4.97e-05
2026-06-12 19:22:47,371 [INFO] Epoch   8 | train_loss: 0.2620 | val_loss: 0.3259 | mistake    → P:0.077 R:0.158 F1:0.103 | correction → P:0.031 R:0.138 F1:0.050 | lr: 4.95e-05
2026-06-12 19:23:35,275 [INFO] Epoch   9 | train_loss: 0.2500 | val_loss: 0.3068 | mistake    → P:0.070 R:0.170 F1:0.099 | correction → P:0.020 R:0.025 F1:0.022 | lr: 4.94e-05
2026-06-12 19:24:24,124 [INFO] Epoch  10 | train_loss: 0.2348 | val_loss: 0.3193 | mistake    → P:0.083 R:0.209 F1:0.119 | correction → P:0.035 R:0.072 F1:0.048 | lr: 4.92e-05
2026-06-12 19:25:12,026 [INFO] Epoch  11 | train_loss: 0.2234 | val_loss: 0.3314 | mistake    → P:0.121 R:0.221 F1:0.157 | correction → P:0.005 R:0.017 F1:0.007 | lr: 4.90e-05
2026-06-12 19:26:01,853 [INFO] Epoch  12 | train_loss: 0.2130 | val_loss: 0.3132 | mistake    → P:0.103 R:0.177 F1:0.130 | correction → P:0.021 R:0.104 F1:0.035 | lr: 4.87e-05
2026-06-12 19:26:50,444 [INFO] Epoch  13 | train_loss: 0.1835 | val_loss: 0.3946 | mistake    → P:0.079 R:0.202 F1:0.114 | correction → P:0.057 R:0.160 F1:0.084 | lr: 4.84e-05
2026-06-12 19:27:38,841 [INFO] Epoch  14 | train_loss: 0.1732 | val_loss: 0.3725 | mistake    → P:0.106 R:0.240 F1:0.147 | correction → P:0.028 R:0.119 F1:0.045 | lr: 4.82e-05
2026-06-12 19:28:28,117 [INFO] Epoch  15 | train_loss: 0.1825 | val_loss: 0.3871 | mistake    → P:0.105 R:0.208 F1:0.140 | correction → P:0.027 R:0.157 F1:0.046 | lr: 4.78e-05
2026-06-12 19:29:17,181 [INFO] Epoch  16 | train_loss: 0.1526 | val_loss: 0.4129 | mistake    → P:0.120 R:0.199 F1:0.150 | correction → P:0.032 R:0.089 F1:0.047 | lr: 4.75e-05
2026-06-12 19:30:06,592 [INFO] Epoch  17 | train_loss: 0.1550 | val_loss: 0.4350 | mistake    → P:0.086 R:0.196 F1:0.120 | correction → P:0.026 R:0.064 F1:0.038 | lr: 4.71e-05
2026-06-12 19:30:53,552 [INFO] Epoch  18 | train_loss: 0.1365 | val_loss: 0.4325 | mistake    → P:0.105 R:0.268 F1:0.151 | correction → P:0.034 R:0.043 F1:0.038 | lr: 4.68e-05
2026-06-12 19:31:43,113 [INFO] Epoch  19 | train_loss: 0.1243 | val_loss: 0.4346 | mistake    → P:0.077 R:0.258 F1:0.119 | correction → P:0.050 R:0.164 F1:0.077 | lr: 4.63e-05
2026-06-12 19:32:31,256 [INFO] Epoch  20 | train_loss: 0.1263 | val_loss: 0.5237 | mistake    → P:0.117 R:0.129 F1:0.123 | correction → P:0.049 R:0.077 F1:0.060 | lr: 4.59e-05
2026-06-12 19:33:20,250 [INFO] Epoch  21 | train_loss: 0.1203 | val_loss: 0.5028 | mistake    → P:0.142 R:0.104 F1:0.120 | correction → P:0.042 R:0.137 F1:0.064 | lr: 4.55e-05
2026-06-12 19:34:10,176 [INFO] Epoch  22 | train_loss: 0.1094 | val_loss: 0.5622 | mistake    → P:0.093 R:0.061 F1:0.074 | correction → P:0.038 R:0.049 F1:0.043 | lr: 4.50e-05
2026-06-12 19:34:58,119 [INFO] Epoch  23 | train_loss: 0.1143 | val_loss: 0.5239 | mistake    → P:0.123 R:0.169 F1:0.143 | correction → P:0.031 R:0.095 F1:0.047 | lr: 4.45e-05
2026-06-12 19:35:46,837 [INFO] Epoch  24 | train_loss: 0.0981 | val_loss: 0.5290 | mistake    → P:0.150 R:0.069 F1:0.094 | correction → P:0.050 R:0.090 F1:0.064 | lr: 4.40e-05
2026-06-12 19:36:34,696 [INFO] Epoch  25 | train_loss: 0.0907 | val_loss: 0.5924 | mistake    → P:0.171 R:0.158 F1:0.164 | correction → P:0.056 R:0.063 F1:0.059 | lr: 4.34e-05
2026-06-12 19:37:24,468 [INFO] Epoch  26 | train_loss: 0.0875 | val_loss: 0.4523 | mistake    → P:0.099 R:0.232 F1:0.139 | correction → P:0.046 R:0.130 F1:0.068 | lr: 4.29e-05
2026-06-12 19:38:13,572 [INFO] Epoch  27 | train_loss: 0.0924 | val_loss: 0.6554 | mistake    → P:0.073 R:0.128 F1:0.093 | correction → P:0.020 R:0.017 F1:0.018 | lr: 4.23e-05
2026-06-12 19:39:02,672 [INFO] Epoch  28 | train_loss: 0.0814 | val_loss: 0.5452 | mistake    → P:0.127 R:0.169 F1:0.145 | correction → P:0.102 R:0.081 F1:0.091 | lr: 4.17e-05
2026-06-12 19:39:52,489 [INFO] Epoch  29 | train_loss: 0.0791 | val_loss: 0.5756 | mistake    → P:0.099 R:0.144 F1:0.117 | correction → P:0.081 R:0.060 F1:0.069 | lr: 4.11e-05
2026-06-12 19:40:40,865 [INFO] Epoch  30 | train_loss: 0.0719 | val_loss: 0.6887 | mistake    → P:0.108 R:0.109 F1:0.109 | correction → P:0.052 R:0.052 F1:0.052 | lr: 4.05e-05
2026-06-12 19:41:28,507 [INFO] Epoch  31 | train_loss: 0.0703 | val_loss: 0.7259 | mistake    → P:0.115 R:0.165 F1:0.135 | correction → P:0.026 R:0.030 F1:0.028 | lr: 3.99e-05
2026-06-12 19:42:16,694 [INFO] Epoch  32 | train_loss: 0.0734 | val_loss: 0.6664 | mistake    → P:0.094 R:0.118 F1:0.105 | correction → P:0.051 R:0.059 F1:0.055 | lr: 3.92e-05
2026-06-12 19:43:05,779 [INFO] Epoch  33 | train_loss: 0.0681 | val_loss: 0.6990 | mistake    → P:0.090 R:0.079 F1:0.084 | correction → P:0.052 R:0.092 F1:0.066 | lr: 3.85e-05
2026-06-12 19:43:54,111 [INFO] Epoch  34 | train_loss: 0.0595 | val_loss: 0.6788 | mistake    → P:0.111 R:0.144 F1:0.125 | correction → P:0.028 R:0.065 F1:0.039 | lr: 3.79e-05
2026-06-12 19:44:42,920 [INFO] Epoch  35 | train_loss: 0.0582 | val_loss: 0.7389 | mistake    → P:0.115 R:0.140 F1:0.126 | correction → P:0.068 R:0.058 F1:0.063 | lr: 3.72e-05
2026-06-12 19:45:33,759 [INFO] Epoch  36 | train_loss: 0.0521 | val_loss: 0.8175 | mistake    → P:0.104 R:0.109 F1:0.106 | correction → P:0.103 R:0.029 F1:0.045 | lr: 3.65e-05
2026-06-12 19:46:22,611 [INFO] Epoch  37 | train_loss: 0.0493 | val_loss: 0.7214 | mistake    → P:0.113 R:0.134 F1:0.122 | correction → P:0.044 R:0.046 F1:0.045 | lr: 3.57e-05
2026-06-12 19:47:11,127 [INFO] Epoch  38 | train_loss: 0.0419 | val_loss: 0.8510 | mistake    → P:0.137 R:0.094 F1:0.112 | correction → P:0.124 R:0.048 F1:0.069 | lr: 3.50e-05
2026-06-12 19:47:59,001 [INFO] Epoch  39 | train_loss: 0.0487 | val_loss: 0.7475 | mistake    → P:0.114 R:0.160 F1:0.133 | correction → P:0.109 R:0.040 F1:0.058 | lr: 3.43e-05
2026-06-12 19:48:48,560 [INFO] Epoch  40 | train_loss: 0.0475 | val_loss: 0.6899 | mistake    → P:0.104 R:0.141 F1:0.120 | correction → P:0.084 R:0.074 F1:0.079 | lr: 3.35e-05
2026-06-12 19:49:38,674 [INFO] Epoch  41 | train_loss: 0.0405 | val_loss: 0.8555 | mistake    → P:0.158 R:0.123 F1:0.138 | correction → P:0.033 R:0.017 F1:0.022 | lr: 3.27e-05
2026-06-12 19:50:27,665 [INFO] Epoch  42 | train_loss: 0.0443 | val_loss: 0.7775 | mistake    → P:0.128 R:0.138 F1:0.133 | correction → P:0.036 R:0.028 F1:0.031 | lr: 3.20e-05
2026-06-12 19:51:16,240 [INFO] Epoch  43 | train_loss: 0.0413 | val_loss: 0.7677 | mistake    → P:0.116 R:0.119 F1:0.118 | correction → P:0.160 R:0.075 F1:0.102 | lr: 3.12e-05
2026-06-12 19:51:17,540 [INFO] ================================================================
2026-06-12 19:51:17,540 [INFO] TRAINING COMPLETATO
2026-06-12 19:51:17,540 [INFO] Best epoch    : 5
2026-06-12 19:51:17,541 [INFO] Best val_loss : 0.2842
2026-06-12 19:51:17,541 [INFO] ================================================================
2026-06-12 19:51:18,030 [INFO] Grafici training salvati in: figures/mamba_002
2026-06-12 19:51:18,037 [INFO] Best checkpoint: /home/mssdmn01t05c351v/assembly-mistake-detection/experiments/checkpoints/mamba-wholevid-epoch=28-val_f1=val/f1_macro=0.4002.ckpt
2026-06-12 19:51:25,509 [INFO] ================================================================
2026-06-12 19:51:25,509 [INFO] RISULTATI TEST SET:
2026-06-12 19:51:25,510 [INFO]   test/loss: 0.6491
2026-06-12 19:51:25,856 [INFO]   test/correct    → P:0.9676 R:0.9443 F1:0.9558
2026-06-12 19:51:25,856 [INFO]   test/mistake    → P:0.1121 R:0.1734 F1:0.1361
2026-06-12 19:51:25,857 [INFO]   test/correction → P:0.0264 R:0.0484 F1:0.0342
2026-06-12 19:51:25,857 [INFO] ================================================================
2026-06-12 19:51:26,613 [INFO] Grafici test salvati in: figures/mamba_002
