2026-06-12 22:12:31,563 [INFO] [MetricsCallback] Run ID: mamba_003 | Log: experiments/logs/mamba_003.log | Figures: figures/mamba_003
2026-06-12 22:12:31,563 [INFO] Avvio addestramento Mamba Whole Video. Run: mamba_003
2026-06-12 22:12:31,576 [INFO] Dispositivo: cuda
2026-06-12 22:12:57,261 [INFO] Modello: Mamba (Whole Video) — Parametri trainabili: 11,357,699
2026-06-12 22:12:58,191 [INFO] ================================================================
2026-06-12 22:12:58,192 [INFO] MODELLO : MAMBA  |  RUN : mamba_003
2026-06-12 22:12:58,192 [INFO] AVVIO   : 2026-06-12 22:12:58
2026-06-12 22:12:58,192 [INFO] ================================================================
2026-06-12 22:12:58,192 [INFO] PARAMETRI TRAINING:
2026-06-12 22:12:58,192 [INFO]   accumulate_grad_batches            : 2
2026-06-12 22:12:58,192 [INFO]   batch_size                         : 4
2026-06-12 22:12:58,192 [INFO]   ckpt_dir                           : experiments/checkpoints
2026-06-12 22:12:58,192 [INFO]   class_weight_exp                   : 1.0
2026-06-12 22:12:58,193 [INFO]   d_model                            : 512
2026-06-12 22:12:58,193 [INFO]   dropout                            : 0.2
2026-06-12 22:12:58,193 [INFO]   epochs                             : 100
2026-06-12 22:12:58,193 [INFO]   focal_gamma                        : 2.0
2026-06-12 22:12:58,193 [INFO]   lr                                 : 2e-05
2026-06-12 22:12:58,193 [INFO]   max_seq_len                        : 12000
2026-06-12 22:12:58,193 [INFO]   n_layers                           : 6
2026-06-12 22:12:58,193 [INFO]   no_wandb                           : False
2026-06-12 22:12:58,193 [INFO]   num_workers                        : 4
2026-06-12 22:12:58,194 [INFO]   processed_dir                      : data/processed
2026-06-12 22:12:58,194 [INFO]   resume                             : False
2026-06-12 22:12:58,194 [INFO]   seed                               : 42
2026-06-12 22:12:58,194 [INFO]   test_split                         : 0.15
2026-06-12 22:12:58,194 [INFO]   use_checkpointing                  : True
2026-06-12 22:12:58,194 [INFO]   val_split                          : 0.15
2026-06-12 22:12:58,194 [INFO]   wandb_project                      : mistake-detection
2026-06-12 22:12:58,195 [INFO]   wandb_run_name                     : mamba-ssm-wholevid-5324
2026-06-12 22:12:58,195 [INFO]   weight_decay                       : 0.001
2026-06-12 22:12:58,195 [INFO] ================================================================
2026-06-12 22:13:38,764 [INFO] Epoch   0 | train_loss: 0.9001 | val_loss: 0.4104 | mistake    → P:0.046 R:0.084 F1:0.060 | correction → P:0.007 R:0.009 F1:0.008 | lr: 8.00e-06
2026-06-12 22:14:11,458 [INFO] Epoch   1 | train_loss: 0.7163 | val_loss: 0.3665 | mistake    → P:0.072 R:0.082 F1:0.076 | correction → P:0.005 R:0.001 F1:0.001 | lr: 1.40e-05
2026-06-12 22:14:44,626 [INFO] Epoch   2 | train_loss: 0.5930 | val_loss: 0.3709 | mistake    → P:0.081 R:0.033 F1:0.047 | correction → P:0.002 R:0.000 F1:0.000 | lr: 2.00e-05
2026-06-12 22:15:17,861 [INFO] Epoch   3 | train_loss: 0.5040 | val_loss: 0.3439 | mistake    → P:0.071 R:0.039 F1:0.050 | correction → P:0.033 R:0.064 F1:0.044 | lr: 2.00e-05
2026-06-12 22:15:50,986 [INFO] Epoch   4 | train_loss: 0.4273 | val_loss: 0.3227 | mistake    → P:0.107 R:0.005 F1:0.010 | correction → P:0.010 R:0.000 F1:0.001 | lr: 2.00e-05
2026-06-12 22:16:23,368 [INFO] Epoch   5 | train_loss: 0.3769 | val_loss: 0.3111 | mistake    → P:0.077 R:0.028 F1:0.041 | correction → P:0.000 R:0.000 F1:0.000 | lr: 2.00e-05
2026-06-12 22:16:55,673 [INFO] Epoch   6 | train_loss: 0.3702 | val_loss: 0.2959 | mistake    → P:0.054 R:0.017 F1:0.026 | correction → P:0.079 R:0.001 F1:0.002 | lr: 1.99e-05
2026-06-12 22:17:27,679 [INFO] Epoch   7 | train_loss: 0.3331 | val_loss: 0.3230 | mistake    → P:0.008 R:0.001 F1:0.002 | correction → P:0.070 R:0.005 F1:0.010 | lr: 1.99e-05
2026-06-12 22:17:59,797 [INFO] Epoch   8 | train_loss: 0.3256 | val_loss: 0.3080 | mistake    → P:0.075 R:0.089 F1:0.082 | correction → P:0.023 R:0.009 F1:0.013 | lr: 1.98e-05
2026-06-12 22:18:33,089 [INFO] Epoch   9 | train_loss: 0.3066 | val_loss: 0.3149 | mistake    → P:0.055 R:0.038 F1:0.045 | correction → P:0.047 R:0.017 F1:0.025 | lr: 1.97e-05
2026-06-12 22:19:05,302 [INFO] Epoch  10 | train_loss: 0.2942 | val_loss: 0.3269 | mistake    → P:0.069 R:0.073 F1:0.071 | correction → P:0.035 R:0.007 F1:0.012 | lr: 1.97e-05
2026-06-12 22:19:38,453 [INFO] Epoch  11 | train_loss: 0.2847 | val_loss: 0.3256 | mistake    → P:0.079 R:0.055 F1:0.065 | correction → P:0.019 R:0.012 F1:0.015 | lr: 1.96e-05
2026-06-12 22:20:11,699 [INFO] Epoch  12 | train_loss: 0.2661 | val_loss: 0.3627 | mistake    → P:0.074 R:0.167 F1:0.102 | correction → P:0.033 R:0.036 F1:0.034 | lr: 1.95e-05
2026-06-12 22:20:44,842 [INFO] Epoch  13 | train_loss: 0.2477 | val_loss: 0.3630 | mistake    → P:0.066 R:0.129 F1:0.087 | correction → P:0.043 R:0.039 F1:0.041 | lr: 1.94e-05
2026-06-12 22:21:18,120 [INFO] Epoch  14 | train_loss: 0.2323 | val_loss: 0.3862 | mistake    → P:0.086 R:0.152 F1:0.110 | correction → P:0.025 R:0.122 F1:0.042 | lr: 1.93e-05
2026-06-12 22:21:51,316 [INFO] Epoch  15 | train_loss: 0.2276 | val_loss: 0.4126 | mistake    → P:0.109 R:0.189 F1:0.138 | correction → P:0.029 R:0.021 F1:0.025 | lr: 1.91e-05
2026-06-12 22:22:24,544 [INFO] Epoch  16 | train_loss: 0.2096 | val_loss: 0.3937 | mistake    → P:0.097 R:0.106 F1:0.101 | correction → P:0.028 R:0.037 F1:0.032 | lr: 1.90e-05
2026-06-12 22:22:57,671 [INFO] Epoch  17 | train_loss: 0.2005 | val_loss: 0.4235 | mistake    → P:0.058 R:0.152 F1:0.084 | correction → P:0.031 R:0.250 F1:0.055 | lr: 1.89e-05
2026-06-12 22:23:29,828 [INFO] Epoch  18 | train_loss: 0.1886 | val_loss: 0.4292 | mistake    → P:0.079 R:0.099 F1:0.088 | correction → P:0.046 R:0.092 F1:0.061 | lr: 1.87e-05
2026-06-12 22:24:03,073 [INFO] Epoch  19 | train_loss: 0.1795 | val_loss: 0.4871 | mistake    → P:0.059 R:0.115 F1:0.078 | correction → P:0.032 R:0.086 F1:0.046 | lr: 1.85e-05
2026-06-12 22:24:35,293 [INFO] Epoch  20 | train_loss: 0.1759 | val_loss: 0.4899 | mistake    → P:0.098 R:0.214 F1:0.135 | correction → P:0.050 R:0.100 F1:0.066 | lr: 1.84e-05
2026-06-12 22:25:08,569 [INFO] Epoch  21 | train_loss: 0.1637 | val_loss: 0.4550 | mistake    → P:0.104 R:0.147 F1:0.122 | correction → P:0.043 R:0.145 F1:0.067 | lr: 1.82e-05
2026-06-12 22:25:41,837 [INFO] Epoch  22 | train_loss: 0.1578 | val_loss: 0.4610 | mistake    → P:0.084 R:0.107 F1:0.094 | correction → P:0.038 R:0.149 F1:0.061 | lr: 1.80e-05
2026-06-12 22:26:14,021 [INFO] Epoch  23 | train_loss: 0.1576 | val_loss: 0.5003 | mistake    → P:0.093 R:0.136 F1:0.110 | correction → P:0.049 R:0.079 F1:0.060 | lr: 1.78e-05
2026-06-12 22:26:47,085 [INFO] Epoch  24 | train_loss: 0.1382 | val_loss: 0.5329 | mistake    → P:0.086 R:0.101 F1:0.093 | correction → P:0.045 R:0.117 F1:0.065 | lr: 1.76e-05
2026-06-12 22:27:19,467 [INFO] Epoch  25 | train_loss: 0.1331 | val_loss: 0.5439 | mistake    → P:0.092 R:0.219 F1:0.130 | correction → P:0.038 R:0.094 F1:0.055 | lr: 1.74e-05
2026-06-12 22:27:51,496 [INFO] Epoch  26 | train_loss: 0.1262 | val_loss: 0.5299 | mistake    → P:0.092 R:0.172 F1:0.120 | correction → P:0.038 R:0.147 F1:0.060 | lr: 1.72e-05
2026-06-12 22:28:23,740 [INFO] Epoch  27 | train_loss: 0.1165 | val_loss: 0.5828 | mistake    → P:0.101 R:0.162 F1:0.124 | correction → P:0.032 R:0.059 F1:0.041 | lr: 1.69e-05
2026-06-12 22:28:55,873 [INFO] Epoch  28 | train_loss: 0.1118 | val_loss: 0.6579 | mistake    → P:0.119 R:0.084 F1:0.099 | correction → P:0.032 R:0.013 F1:0.018 | lr: 1.67e-05
2026-06-12 22:29:28,380 [INFO] Epoch  29 | train_loss: 0.1114 | val_loss: 0.5792 | mistake    → P:0.072 R:0.105 F1:0.086 | correction → P:0.037 R:0.140 F1:0.059 | lr: 1.64e-05
2026-06-12 22:30:00,538 [INFO] Epoch  30 | train_loss: 0.1058 | val_loss: 0.7292 | mistake    → P:0.074 R:0.095 F1:0.083 | correction → P:0.005 R:0.006 F1:0.006 | lr: 1.62e-05
2026-06-12 22:30:32,733 [INFO] Epoch  31 | train_loss: 0.1010 | val_loss: 0.6256 | mistake    → P:0.079 R:0.091 F1:0.085 | correction → P:0.039 R:0.037 F1:0.038 | lr: 1.59e-05
2026-06-12 22:31:04,876 [INFO] Epoch  32 | train_loss: 0.0909 | val_loss: 0.7223 | mistake    → P:0.085 R:0.091 F1:0.088 | correction → P:0.008 R:0.012 F1:0.009 | lr: 1.57e-05
2026-06-12 22:31:36,996 [INFO] Epoch  33 | train_loss: 0.0923 | val_loss: 0.6536 | mistake    → P:0.069 R:0.138 F1:0.092 | correction → P:0.011 R:0.008 F1:0.009 | lr: 1.54e-05
2026-06-12 22:32:09,153 [INFO] Epoch  34 | train_loss: 0.0862 | val_loss: 0.8112 | mistake    → P:0.078 R:0.068 F1:0.073 | correction → P:0.005 R:0.008 F1:0.006 | lr: 1.51e-05
2026-06-12 22:32:41,314 [INFO] Epoch  35 | train_loss: 0.0878 | val_loss: 0.6751 | mistake    → P:0.064 R:0.087 F1:0.074 | correction → P:0.027 R:0.052 F1:0.036 | lr: 1.49e-05
2026-06-12 22:32:41,454 [INFO] ================================================================
2026-06-12 22:32:41,454 [INFO] TRAINING COMPLETATO
2026-06-12 22:32:41,455 [INFO] Best epoch    : 6
2026-06-12 22:32:41,455 [INFO] Best val_loss : 0.2959
2026-06-12 22:32:41,455 [INFO] ================================================================
2026-06-12 22:32:41,969 [INFO] Grafici training salvati in: figures/mamba_003
2026-06-12 22:32:41,972 [INFO] Best checkpoint: /home/mssdmn01t05c351v/assembly-mistake-detection/experiments/checkpoints/mamba-wholevid-epoch=20-val_f1=val/f1_macro=0.3823.ckpt
2026-06-12 22:32:47,479 [INFO] ================================================================
2026-06-12 22:32:47,480 [INFO] RISULTATI TEST SET:
2026-06-12 22:32:47,480 [INFO]   test/loss: 0.4673
2026-06-12 22:32:47,703 [INFO]   test/correct    → P:0.9691 R:0.9079 F1:0.9375
2026-06-12 22:32:47,703 [INFO]   test/mistake    → P:0.1066 R:0.2635 F1:0.1518
2026-06-12 22:32:47,703 [INFO]   test/correction → P:0.0127 R:0.0337 F1:0.0184
2026-06-12 22:32:47,704 [INFO] ================================================================
2026-06-12 22:32:48,399 [INFO] Grafici test salvati in: figures/mamba_003
