2026-06-12 23:46:47,449 [INFO] [MetricsCallback] Run ID: mamba_007 | Log: experiments/logs/mamba_007.log | Figures: figures/mamba_007
2026-06-12 23:46:47,449 [INFO] Avvio addestramento Mamba Whole Video. Run: mamba_007
2026-06-12 23:46:47,460 [INFO] Dispositivo: cuda
2026-06-12 23:47:12,811 [INFO] Modello: Mamba (Whole Video) — Parametri trainabili: 42,638,339
2026-06-12 23:47:13,404 [INFO] ================================================================
2026-06-12 23:47:13,404 [INFO] MODELLO : MAMBA  |  RUN : mamba_007
2026-06-12 23:47:13,404 [INFO] AVVIO   : 2026-06-12 23:47:13
2026-06-12 23:47:13,404 [INFO] ================================================================
2026-06-12 23:47:13,404 [INFO] PARAMETRI TRAINING:
2026-06-12 23:47:13,404 [INFO]   accumulate_grad_batches            : 2
2026-06-12 23:47:13,404 [INFO]   batch_size                         : 4
2026-06-12 23:47:13,405 [INFO]   ckpt_dir                           : experiments/checkpoints
2026-06-12 23:47:13,405 [INFO]   class_weight_exp                   : 1.0
2026-06-12 23:47:13,405 [INFO]   d_model                            : 1024
2026-06-12 23:47:13,405 [INFO]   dropout                            : 0.2
2026-06-12 23:47:13,405 [INFO]   epochs                             : 100
2026-06-12 23:47:13,405 [INFO]   focal_gamma                        : 2.0
2026-06-12 23:47:13,405 [INFO]   lr                                 : 5e-05
2026-06-12 23:47:13,405 [INFO]   max_seq_len                        : 12000
2026-06-12 23:47:13,405 [INFO]   n_layers                           : 6
2026-06-12 23:47:13,405 [INFO]   no_wandb                           : False
2026-06-12 23:47:13,405 [INFO]   num_workers                        : 4
2026-06-12 23:47:13,405 [INFO]   processed_dir                      : data/processed
2026-06-12 23:47:13,405 [INFO]   resume                             : False
2026-06-12 23:47:13,405 [INFO]   seed                               : 42
2026-06-12 23:47:13,405 [INFO]   test_split                         : 0.15
2026-06-12 23:47:13,405 [INFO]   use_checkpointing                  : True
2026-06-12 23:47:13,405 [INFO]   val_split                          : 0.15
2026-06-12 23:47:13,406 [INFO]   wandb_project                      : mistake-detection
2026-06-12 23:47:13,406 [INFO]   wandb_run_name                     : mamba-ssm-wholevid-5324
2026-06-12 23:47:13,406 [INFO]   weight_decay                       : 0.001
2026-06-12 23:47:13,406 [INFO] ================================================================
2026-06-12 23:47:53,892 [INFO] Epoch   0 | train_loss: 0.8578 | val_loss: 0.3851 | mistake    → P:0.194 R:0.058 F1:0.089 | correction → P:0.000 R:0.000 F1:0.000 | lr: 2.00e-05
2026-06-12 23:48:28,856 [INFO] Epoch   1 | train_loss: 0.5842 | val_loss: 0.3814 | mistake    → P:0.089 R:0.111 F1:0.099 | correction → P:0.000 R:0.000 F1:0.000 | lr: 3.50e-05
2026-06-12 23:49:06,156 [INFO] Epoch   2 | train_loss: 0.4675 | val_loss: 0.3267 | mistake    → P:0.077 R:0.069 F1:0.073 | correction → P:0.016 R:0.047 F1:0.023 | lr: 5.00e-05
2026-06-12 23:49:43,853 [INFO] Epoch   3 | train_loss: 0.4460 | val_loss: 0.4104 | mistake    → P:0.055 R:0.593 F1:0.100 | correction → P:0.012 R:0.024 F1:0.016 | lr: 5.00e-05
2026-06-12 23:50:17,753 [INFO] Epoch   4 | train_loss: 0.3852 | val_loss: 0.3286 | mistake    → P:0.075 R:0.003 F1:0.005 | correction → P:0.060 R:0.016 F1:0.026 | lr: 4.99e-05
2026-06-12 23:50:52,309 [INFO] Epoch   5 | train_loss: 0.3367 | val_loss: 0.3191 | mistake    → P:0.068 R:0.086 F1:0.076 | correction → P:0.037 R:0.027 F1:0.032 | lr: 4.99e-05
2026-06-12 23:51:30,909 [INFO] Epoch   6 | train_loss: 0.3122 | val_loss: 0.3447 | mistake    → P:0.012 R:0.009 F1:0.010 | correction → P:0.024 R:0.178 F1:0.043 | lr: 4.98e-05
2026-06-12 23:52:05,170 [INFO] Epoch   7 | train_loss: 0.2853 | val_loss: 0.3478 | mistake    → P:0.088 R:0.065 F1:0.075 | correction → P:0.083 R:0.036 F1:0.050 | lr: 4.97e-05
2026-06-12 23:52:43,228 [INFO] Epoch   8 | train_loss: 0.2793 | val_loss: 0.3673 | mistake    → P:0.175 R:0.017 F1:0.031 | correction → P:0.025 R:0.105 F1:0.040 | lr: 4.95e-05
2026-06-12 23:53:18,003 [INFO] Epoch   9 | train_loss: 0.2712 | val_loss: 0.3591 | mistake    → P:0.062 R:0.167 F1:0.090 | correction → P:0.028 R:0.021 F1:0.024 | lr: 4.94e-05
2026-06-12 23:53:52,497 [INFO] Epoch  10 | train_loss: 0.2382 | val_loss: 0.3982 | mistake    → P:0.072 R:0.129 F1:0.093 | correction → P:0.020 R:0.108 F1:0.034 | lr: 4.92e-05
2026-06-12 23:54:26,796 [INFO] Epoch  11 | train_loss: 0.2236 | val_loss: 0.4411 | mistake    → P:0.097 R:0.158 F1:0.120 | correction → P:0.015 R:0.022 F1:0.017 | lr: 4.90e-05
2026-06-12 23:55:05,199 [INFO] Epoch  12 | train_loss: 0.2050 | val_loss: 0.4040 | mistake    → P:0.080 R:0.093 F1:0.086 | correction → P:0.016 R:0.125 F1:0.029 | lr: 4.87e-05
2026-06-12 23:55:40,242 [INFO] Epoch  13 | train_loss: 0.2077 | val_loss: 0.4511 | mistake    → P:0.090 R:0.301 F1:0.139 | correction → P:0.022 R:0.012 F1:0.016 | lr: 4.84e-05
2026-06-12 23:56:18,526 [INFO] Epoch  14 | train_loss: 0.1831 | val_loss: 0.5013 | mistake    → P:0.097 R:0.280 F1:0.144 | correction → P:0.055 R:0.104 F1:0.072 | lr: 4.82e-05
2026-06-12 23:56:57,402 [INFO] Epoch  15 | train_loss: 0.1738 | val_loss: 0.5251 | mistake    → P:0.150 R:0.312 F1:0.202 | correction → P:0.037 R:0.063 F1:0.046 | lr: 4.78e-05
2026-06-12 23:57:36,218 [INFO] Epoch  16 | train_loss: 0.1542 | val_loss: 0.7366 | mistake    → P:0.153 R:0.145 F1:0.149 | correction → P:0.036 R:0.071 F1:0.048 | lr: 4.75e-05
2026-06-12 23:58:15,015 [INFO] Epoch  17 | train_loss: 0.1490 | val_loss: 0.6540 | mistake    → P:0.104 R:0.307 F1:0.155 | correction → P:0.033 R:0.078 F1:0.046 | lr: 4.71e-05
2026-06-12 23:58:50,273 [INFO] Epoch  18 | train_loss: 0.1366 | val_loss: 0.5939 | mistake    → P:0.118 R:0.207 F1:0.150 | correction → P:0.050 R:0.087 F1:0.063 | lr: 4.68e-05
2026-06-12 23:59:28,883 [INFO] Epoch  19 | train_loss: 0.1241 | val_loss: 0.7269 | mistake    → P:0.122 R:0.296 F1:0.173 | correction → P:0.033 R:0.017 F1:0.022 | lr: 4.63e-05
2026-06-13 00:00:04,024 [INFO] Epoch  20 | train_loss: 0.1270 | val_loss: 0.7713 | mistake    → P:0.139 R:0.105 F1:0.120 | correction → P:0.040 R:0.055 F1:0.046 | lr: 4.59e-05
2026-06-13 00:00:38,667 [INFO] Epoch  21 | train_loss: 0.1136 | val_loss: 0.7824 | mistake    → P:0.163 R:0.100 F1:0.124 | correction → P:0.093 R:0.084 F1:0.088 | lr: 4.55e-05
2026-06-13 00:01:17,064 [INFO] Epoch  22 | train_loss: 0.1079 | val_loss: 0.7707 | mistake    → P:0.109 R:0.149 F1:0.126 | correction → P:0.057 R:0.076 F1:0.065 | lr: 4.50e-05
2026-06-13 00:01:51,744 [INFO] Epoch  23 | train_loss: 0.1089 | val_loss: 0.9164 | mistake    → P:0.157 R:0.152 F1:0.155 | correction → P:0.052 R:0.058 F1:0.055 | lr: 4.45e-05
2026-06-13 00:02:29,963 [INFO] Epoch  24 | train_loss: 0.0952 | val_loss: 0.7773 | mistake    → P:0.115 R:0.164 F1:0.135 | correction → P:0.059 R:0.073 F1:0.065 | lr: 4.40e-05
2026-06-13 00:03:04,270 [INFO] Epoch  25 | train_loss: 0.0899 | val_loss: 0.8777 | mistake    → P:0.109 R:0.159 F1:0.129 | correction → P:0.064 R:0.062 F1:0.063 | lr: 4.34e-05
2026-06-13 00:03:38,329 [INFO] Epoch  26 | train_loss: 0.0797 | val_loss: 0.8591 | mistake    → P:0.151 R:0.196 F1:0.171 | correction → P:0.043 R:0.062 F1:0.051 | lr: 4.29e-05
2026-06-13 00:04:16,638 [INFO] Epoch  27 | train_loss: 0.0746 | val_loss: 0.8842 | mistake    → P:0.103 R:0.113 F1:0.108 | correction → P:0.081 R:0.093 F1:0.087 | lr: 4.23e-05
2026-06-13 00:04:50,745 [INFO] Epoch  28 | train_loss: 0.0756 | val_loss: 0.8463 | mistake    → P:0.197 R:0.180 F1:0.188 | correction → P:0.096 R:0.040 F1:0.056 | lr: 4.17e-05
2026-06-13 00:05:28,950 [INFO] Epoch  29 | train_loss: 0.0773 | val_loss: 1.0922 | mistake    → P:0.177 R:0.105 F1:0.132 | correction → P:0.070 R:0.024 F1:0.036 | lr: 4.11e-05
2026-06-13 00:06:03,577 [INFO] Epoch  30 | train_loss: 0.0676 | val_loss: 0.9284 | mistake    → P:0.096 R:0.096 F1:0.096 | correction → P:0.037 R:0.098 F1:0.054 | lr: 4.05e-05
2026-06-13 00:06:38,058 [INFO] Epoch  31 | train_loss: 0.0673 | val_loss: 1.0396 | mistake    → P:0.212 R:0.111 F1:0.146 | correction → P:0.110 R:0.047 F1:0.066 | lr: 3.99e-05
2026-06-13 00:07:16,376 [INFO] Epoch  32 | train_loss: 0.0510 | val_loss: 1.0675 | mistake    → P:0.115 R:0.098 F1:0.106 | correction → P:0.095 R:0.061 F1:0.075 | lr: 3.92e-05
2026-06-13 00:07:50,822 [INFO] Epoch  33 | train_loss: 0.0580 | val_loss: 0.9628 | mistake    → P:0.177 R:0.104 F1:0.131 | correction → P:0.066 R:0.070 F1:0.068 | lr: 3.85e-05
2026-06-13 00:08:25,224 [INFO] Epoch  34 | train_loss: 0.0490 | val_loss: 0.9933 | mistake    → P:0.099 R:0.070 F1:0.082 | correction → P:0.084 R:0.041 F1:0.055 | lr: 3.79e-05
2026-06-13 00:08:59,626 [INFO] Epoch  35 | train_loss: 0.0519 | val_loss: 1.0537 | mistake    → P:0.185 R:0.139 F1:0.159 | correction → P:0.088 R:0.055 F1:0.068 | lr: 3.72e-05
2026-06-13 00:09:37,733 [INFO] Epoch  36 | train_loss: 0.0505 | val_loss: 1.0677 | mistake    → P:0.122 R:0.071 F1:0.090 | correction → P:0.132 R:0.053 F1:0.076 | lr: 3.65e-05
2026-06-13 00:10:12,059 [INFO] Epoch  37 | train_loss: 0.0376 | val_loss: 1.1098 | mistake    → P:0.154 R:0.073 F1:0.099 | correction → P:0.105 R:0.056 F1:0.073 | lr: 3.57e-05
2026-06-13 00:10:46,610 [INFO] Epoch  38 | train_loss: 0.0334 | val_loss: 1.1350 | mistake    → P:0.112 R:0.089 F1:0.099 | correction → P:0.134 R:0.034 F1:0.054 | lr: 3.50e-05
2026-06-13 00:11:20,822 [INFO] Epoch  39 | train_loss: 0.0301 | val_loss: 1.1422 | mistake    → P:0.175 R:0.077 F1:0.107 | correction → P:0.123 R:0.030 F1:0.048 | lr: 3.43e-05
2026-06-13 00:11:55,197 [INFO] Epoch  40 | train_loss: 0.0279 | val_loss: 1.2060 | mistake    → P:0.084 R:0.054 F1:0.066 | correction → P:0.034 R:0.005 F1:0.009 | lr: 3.35e-05
2026-06-13 00:12:29,486 [INFO] Epoch  41 | train_loss: 0.0246 | val_loss: 1.2342 | mistake    → P:0.177 R:0.076 F1:0.106 | correction → P:0.171 R:0.064 F1:0.093 | lr: 3.27e-05
2026-06-13 00:13:03,963 [INFO] Epoch  42 | train_loss: 0.0248 | val_loss: 1.2134 | mistake    → P:0.192 R:0.099 F1:0.131 | correction → P:0.087 R:0.025 F1:0.038 | lr: 3.20e-05
2026-06-13 00:13:38,115 [INFO] Epoch  43 | train_loss: 0.0366 | val_loss: 1.1411 | mistake    → P:0.085 R:0.044 F1:0.058 | correction → P:0.095 R:0.068 F1:0.079 | lr: 3.12e-05
2026-06-13 00:13:38,402 [INFO] ================================================================
2026-06-13 00:13:38,402 [INFO] TRAINING COMPLETATO
2026-06-13 00:13:38,402 [INFO] Best epoch    : 5
2026-06-13 00:13:38,402 [INFO] Best val_loss : 0.3191
2026-06-13 00:13:38,402 [INFO] ================================================================
2026-06-13 00:13:38,886 [INFO] Grafici training salvati in: figures/mamba_007
2026-06-13 00:13:38,892 [INFO] Best checkpoint: /home/mssdmn01t05c351v/assembly-mistake-detection/experiments/checkpoints/mamba-wholevid-epoch=28-val_f1=val/f1_macro=0.4050.ckpt
2026-06-13 00:13:44,819 [INFO] ================================================================
2026-06-13 00:13:44,819 [INFO] RISULTATI TEST SET:
2026-06-13 00:13:44,819 [INFO]   test/loss: 0.8731
2026-06-13 00:13:44,974 [INFO]   test/correct    → P:0.9652 R:0.9447 F1:0.9549
2026-06-13 00:13:44,974 [INFO]   test/mistake    → P:0.0959 R:0.1547 F1:0.1184
2026-06-13 00:13:44,974 [INFO]   test/correction → P:0.0331 R:0.0349 F1:0.0340
2026-06-13 00:13:44,974 [INFO] ================================================================
2026-06-13 00:13:45,842 [INFO] Grafici test salvati in: figures/mamba_007
