2026-06-11 19:31:21,007 [INFO] [MetricsCallback] Run ID: xlstm_001 | Log: experiments/logs/xlstm_001.log | Figures: figures/xlstm_001
2026-06-11 19:31:21,008 [INFO] Avvio addestramento xLSTM Whole Video. Run: xlstm_001
2026-06-11 19:31:21,015 [INFO] Dispositivo: cuda
2026-06-11 19:31:21,015 [INFO] Inizializzazione dataloaders...
2026-06-11 19:31:47,331 [INFO] Inizializzazione modello xLSTM...
2026-06-11 19:31:47,959 [INFO] Modello: xLSTM (Whole Video) — Parametri trainabili: 10,888,243
2026-06-11 19:31:47,959 [INFO] Estimated total steps: 1437
2026-06-11 19:31:48,729 [INFO] Avvio training...
2026-06-11 19:31:48,882 [INFO] ================================================================
2026-06-11 19:31:48,882 [INFO] MODELLO : XLSTM  |  RUN : xlstm_001
2026-06-11 19:31:48,882 [INFO] AVVIO   : 2026-06-11 19:31:48
2026-06-11 19:31:48,882 [INFO] ================================================================
2026-06-11 19:31:48,882 [INFO] PARAMETRI TRAINING:
2026-06-11 19:31:48,882 [INFO]   accumulate_grad_batches            : 4
2026-06-11 19:31:48,882 [INFO]   batch_size                         : 2
2026-06-11 19:31:48,883 [INFO]   ckpt_dir                           : experiments/checkpoints
2026-06-11 19:31:48,883 [INFO]   class_weight_exp                   : 1.0
2026-06-11 19:31:48,883 [INFO]   d_model                            : 512
2026-06-11 19:31:48,883 [INFO]   dropout                            : 0.2
2026-06-11 19:31:48,883 [INFO]   epochs                             : 50
2026-06-11 19:31:48,883 [INFO]   focal_gamma                        : 2.0
2026-06-11 19:31:48,884 [INFO]   lr                                 : 2e-05
2026-06-11 19:31:48,884 [INFO]   max_seq_len                        : 8000
2026-06-11 19:31:48,884 [INFO]   n_layers                           : 6
2026-06-11 19:31:48,884 [INFO]   num_workers                        : 4
2026-06-11 19:31:48,884 [INFO]   processed_dir                      : data/processed
2026-06-11 19:31:48,884 [INFO]   seed                               : 42
2026-06-11 19:31:48,884 [INFO]   use_checkpointing                  : True
2026-06-11 19:31:48,884 [INFO]   wandb_project                      : mistake-detection
2026-06-11 19:31:48,884 [INFO]   wandb_run_name                     : xlstm-wholevid-5292
2026-06-11 19:31:48,884 [INFO]   weight_decay                       : 0.01
2026-06-11 19:31:48,884 [INFO] ================================================================
2026-06-11 19:35:54,305 [INFO] Epoch   0 | train_loss: 0.6626 | val_loss: 0.4567 | mistake    → P:0.038 R:0.003 F1:0.006 | correction → P:0.001 R:0.010 F1:0.002 | lr: 8.00e-06
2026-06-11 19:39:54,346 [INFO] Epoch   1 | train_loss: 0.4561 | val_loss: 0.3319 | mistake    → P:0.000 R:0.000 F1:0.000 | correction → P:0.000 R:0.000 F1:0.000 | lr: 1.40e-05
2026-06-11 19:43:57,629 [INFO] Epoch   2 | train_loss: 0.4147 | val_loss: 0.3303 | mistake    → P:0.058 R:0.004 F1:0.008 | correction → P:0.000 R:0.000 F1:0.000 | lr: 2.00e-05
2026-06-11 19:48:00,775 [INFO] Epoch   3 | train_loss: 0.3854 | val_loss: 0.3993 | mistake    → P:0.000 R:0.000 F1:0.000 | correction → P:0.000 R:0.000 F1:0.000 | lr: 2.00e-05
2026-06-11 19:52:03,827 [INFO] Epoch   4 | train_loss: 0.3800 | val_loss: 0.3900 | mistake    → P:0.018 R:0.002 F1:0.004 | correction → P:0.048 R:0.000 F1:0.001 | lr: 1.99e-05
2026-06-11 19:56:06,397 [INFO] Epoch   5 | train_loss: 0.3434 | val_loss: 0.3779 | mistake    → P:0.077 R:0.048 F1:0.059 | correction → P:0.025 R:0.004 F1:0.006 | lr: 1.98e-05
2026-06-11 20:00:10,421 [INFO] Epoch   6 | train_loss: 0.3227 | val_loss: 0.3622 | mistake    → P:0.078 R:0.178 F1:0.109 | correction → P:0.048 R:0.051 F1:0.050 | lr: 1.96e-05
2026-06-11 20:04:14,173 [INFO] Epoch   7 | train_loss: 0.3071 | val_loss: 0.3981 | mistake    → P:0.071 R:0.258 F1:0.111 | correction → P:0.039 R:0.047 F1:0.043 | lr: 1.95e-05
2026-06-11 20:08:16,431 [INFO] Epoch   8 | train_loss: 0.2883 | val_loss: 0.4054 | mistake    → P:0.071 R:0.224 F1:0.108 | correction → P:0.049 R:0.029 F1:0.037 | lr: 1.92e-05
2026-06-11 20:12:18,275 [INFO] Epoch   9 | train_loss: 0.2545 | val_loss: 0.5057 | mistake    → P:0.068 R:0.064 F1:0.066 | correction → P:0.000 R:0.000 F1:0.000 | lr: 1.89e-05
2026-06-11 20:16:20,144 [INFO] Epoch  10 | train_loss: 0.2469 | val_loss: 0.4453 | mistake    → P:0.070 R:0.146 F1:0.095 | correction → P:0.034 R:0.103 F1:0.051 | lr: 1.86e-05
2026-06-11 20:21:41,232 [INFO] Epoch  11 | train_loss: 0.2212 | val_loss: 0.4397 | mistake    → P:0.070 R:0.293 F1:0.114 | correction → P:0.040 R:0.118 F1:0.060 | lr: 1.83e-05
2026-06-11 20:27:27,517 [INFO] Epoch  12 | train_loss: 0.2105 | val_loss: 0.4733 | mistake    → P:0.100 R:0.186 F1:0.130 | correction → P:0.048 R:0.133 F1:0.070 | lr: 1.79e-05
2026-06-11 20:33:11,058 [INFO] Epoch  13 | train_loss: 0.1833 | val_loss: 0.5499 | mistake    → P:0.074 R:0.269 F1:0.117 | correction → P:0.024 R:0.162 F1:0.042 | lr: 1.74e-05
2026-06-11 20:38:58,460 [INFO] Epoch  14 | train_loss: 0.1689 | val_loss: 0.5174 | mistake    → P:0.119 R:0.217 F1:0.154 | correction → P:0.034 R:0.070 F1:0.046 | lr: 1.70e-05
2026-06-11 20:44:45,827 [INFO] Epoch  15 | train_loss: 0.1681 | val_loss: 0.5817 | mistake    → P:0.078 R:0.227 F1:0.116 | correction → P:0.035 R:0.157 F1:0.057 | lr: 1.65e-05
2026-06-11 20:50:29,704 [INFO] Epoch  16 | train_loss: 0.1547 | val_loss: 0.5379 | mistake    → P:0.097 R:0.232 F1:0.137 | correction → P:0.052 R:0.195 F1:0.083 | lr: 1.60e-05
2026-06-11 20:55:56,592 [INFO] Epoch  17 | train_loss: 0.1375 | val_loss: 0.5766 | mistake    → P:0.105 R:0.206 F1:0.139 | correction → P:0.038 R:0.219 F1:0.065 | lr: 1.54e-05
2026-06-11 20:59:59,683 [INFO] Epoch  18 | train_loss: 0.1323 | val_loss: 0.5829 | mistake    → P:0.140 R:0.249 F1:0.179 | correction → P:0.030 R:0.047 F1:0.037 | lr: 1.49e-05
2026-06-11 21:04:02,733 [INFO] Epoch  19 | train_loss: 0.1176 | val_loss: 0.6188 | mistake    → P:0.149 R:0.188 F1:0.166 | correction → P:0.072 R:0.145 F1:0.096 | lr: 1.43e-05
2026-06-11 21:08:05,255 [INFO] Epoch  20 | train_loss: 0.1216 | val_loss: 0.6038 | mistake    → P:0.068 R:0.257 F1:0.107 | correction → P:0.035 R:0.148 F1:0.057 | lr: 1.37e-05
2026-06-11 21:12:06,663 [INFO] Epoch  21 | train_loss: 0.1150 | val_loss: 0.6076 | mistake    → P:0.129 R:0.254 F1:0.172 | correction → P:0.064 R:0.134 F1:0.087 | lr: 1.30e-05
2026-06-11 21:16:08,744 [INFO] Epoch  22 | train_loss: 0.1012 | val_loss: 0.6384 | mistake    → P:0.112 R:0.271 F1:0.159 | correction → P:0.059 R:0.055 F1:0.057 | lr: 1.24e-05
2026-06-11 21:20:10,975 [INFO] Epoch  23 | train_loss: 0.0973 | val_loss: 0.6317 | mistake    → P:0.110 R:0.325 F1:0.164 | correction → P:0.073 R:0.054 F1:0.062 | lr: 1.17e-05
2026-06-11 21:24:12,841 [INFO] Epoch  24 | train_loss: 0.0923 | val_loss: 0.6699 | mistake    → P:0.127 R:0.212 F1:0.158 | correction → P:0.060 R:0.096 F1:0.074 | lr: 1.11e-05
2026-06-11 21:28:15,650 [INFO] Epoch  25 | train_loss: 0.0863 | val_loss: 0.6378 | mistake    → P:0.103 R:0.269 F1:0.149 | correction → P:0.079 R:0.119 F1:0.095 | lr: 1.04e-05
2026-06-11 21:32:16,685 [INFO] Epoch  26 | train_loss: 0.0805 | val_loss: 0.6821 | mistake    → P:0.124 R:0.260 F1:0.168 | correction → P:0.046 R:0.084 F1:0.059 | lr: 9.77e-06
2026-06-11 21:36:19,553 [INFO] Epoch  27 | train_loss: 0.0727 | val_loss: 0.7066 | mistake    → P:0.114 R:0.225 F1:0.151 | correction → P:0.062 R:0.105 F1:0.078 | lr: 9.11e-06
2026-06-11 21:40:22,546 [INFO] Epoch  28 | train_loss: 0.0711 | val_loss: 0.7048 | mistake    → P:0.119 R:0.241 F1:0.159 | correction → P:0.056 R:0.073 F1:0.063 | lr: 8.45e-06
2026-06-11 21:44:25,085 [INFO] Epoch  29 | train_loss: 0.0641 | val_loss: 0.7005 | mistake    → P:0.114 R:0.218 F1:0.150 | correction → P:0.085 R:0.161 F1:0.111 | lr: 7.80e-06
2026-06-11 21:48:29,153 [INFO] Epoch  30 | train_loss: 0.0626 | val_loss: 0.7503 | mistake    → P:0.135 R:0.220 F1:0.167 | correction → P:0.084 R:0.085 F1:0.085 | lr: 7.17e-06
2026-06-11 21:52:33,635 [INFO] Epoch  31 | train_loss: 0.0601 | val_loss: 0.7460 | mistake    → P:0.116 R:0.252 F1:0.159 | correction → P:0.136 R:0.119 F1:0.127 | lr: 6.54e-06
2026-06-11 21:56:37,026 [INFO] Epoch  32 | train_loss: 0.0552 | val_loss: 0.7545 | mistake    → P:0.126 R:0.248 F1:0.168 | correction → P:0.101 R:0.105 F1:0.103 | lr: 5.93e-06
2026-06-11 22:00:40,205 [INFO] Epoch  33 | train_loss: 0.0512 | val_loss: 0.7759 | mistake    → P:0.129 R:0.255 F1:0.171 | correction → P:0.186 R:0.089 F1:0.121 | lr: 5.34e-06
2026-06-11 22:04:42,428 [INFO] Epoch  34 | train_loss: 0.0473 | val_loss: 0.7828 | mistake    → P:0.131 R:0.245 F1:0.171 | correction → P:0.097 R:0.095 F1:0.096 | lr: 4.77e-06
2026-06-11 22:08:44,711 [INFO] Epoch  35 | train_loss: 0.0446 | val_loss: 0.7895 | mistake    → P:0.140 R:0.231 F1:0.174 | correction → P:0.147 R:0.106 F1:0.123 | lr: 4.23e-06
2026-06-11 22:12:46,418 [INFO] Epoch  36 | train_loss: 0.0433 | val_loss: 0.8243 | mistake    → P:0.147 R:0.240 F1:0.182 | correction → P:0.142 R:0.104 F1:0.120 | lr: 3.71e-06
2026-06-11 22:16:49,801 [INFO] Epoch  37 | train_loss: 0.0414 | val_loss: 0.7997 | mistake    → P:0.139 R:0.251 F1:0.179 | correction → P:0.121 R:0.076 F1:0.094 | lr: 3.22e-06
2026-06-11 22:20:51,294 [INFO] Epoch  38 | train_loss: 0.0393 | val_loss: 0.8481 | mistake    → P:0.140 R:0.250 F1:0.179 | correction → P:0.115 R:0.038 F1:0.057 | lr: 2.76e-06
2026-06-11 22:24:51,814 [INFO] Epoch  39 | train_loss: 0.0371 | val_loss: 0.8185 | mistake    → P:0.133 R:0.262 F1:0.177 | correction → P:0.114 R:0.080 F1:0.094 | lr: 2.33e-06
2026-06-11 22:28:53,051 [INFO] Epoch  40 | train_loss: 0.0354 | val_loss: 0.8567 | mistake    → P:0.140 R:0.249 F1:0.179 | correction → P:0.170 R:0.081 F1:0.110 | lr: 1.94e-06
2026-06-11 22:32:55,138 [INFO] Epoch  41 | train_loss: 0.0342 | val_loss: 0.8498 | mistake    → P:0.134 R:0.256 F1:0.176 | correction → P:0.153 R:0.101 F1:0.121 | lr: 1.58e-06
2026-06-11 22:36:57,979 [INFO] Epoch  42 | train_loss: 0.0331 | val_loss: 0.8669 | mistake    → P:0.139 R:0.252 F1:0.179 | correction → P:0.176 R:0.092 F1:0.121 | lr: 1.26e-06
2026-06-11 22:41:00,694 [INFO] Epoch  43 | train_loss: 0.0320 | val_loss: 0.8780 | mistake    → P:0.134 R:0.251 F1:0.175 | correction → P:0.167 R:0.089 F1:0.117 | lr: 9.86e-07
2026-06-11 22:45:03,239 [INFO] Epoch  44 | train_loss: 0.0313 | val_loss: 0.8716 | mistake    → P:0.138 R:0.250 F1:0.177 | correction → P:0.184 R:0.104 F1:0.133 | lr: 7.48e-07
2026-06-11 22:49:04,789 [INFO] Epoch  45 | train_loss: 0.0309 | val_loss: 0.8796 | mistake    → P:0.140 R:0.250 F1:0.179 | correction → P:0.194 R:0.100 F1:0.132 | lr: 5.52e-07
2026-06-11 22:53:06,647 [INFO] Epoch  46 | train_loss: 0.0300 | val_loss: 0.8752 | mistake    → P:0.137 R:0.253 F1:0.178 | correction → P:0.185 R:0.107 F1:0.135 | lr: 3.98e-07
2026-06-11 22:57:08,248 [INFO] Epoch  47 | train_loss: 0.0300 | val_loss: 0.8811 | mistake    → P:0.138 R:0.254 F1:0.179 | correction → P:0.186 R:0.103 F1:0.132 | lr: 2.88e-07
2026-06-11 23:01:10,586 [INFO] Epoch  48 | train_loss: 0.0295 | val_loss: 0.8862 | mistake    → P:0.139 R:0.252 F1:0.179 | correction → P:0.192 R:0.100 F1:0.131 | lr: 2.22e-07
2026-06-11 23:05:14,366 [INFO] Epoch  49 | train_loss: 0.0299 | val_loss: 0.8849 | mistake    → P:0.137 R:0.254 F1:0.178 | correction → P:0.188 R:0.099 F1:0.129 | lr: 2.00e-07
2026-06-11 23:05:14,607 [INFO] ================================================================
2026-06-11 23:05:14,607 [INFO] TRAINING COMPLETATO
2026-06-11 23:05:14,609 [INFO] Best epoch    : 2
2026-06-11 23:05:14,609 [INFO] Best val_loss : 0.3303
2026-06-11 23:05:14,609 [INFO] ================================================================
2026-06-11 23:05:15,135 [INFO] Grafici training salvati in: figures/xlstm_001
2026-06-11 23:05:15,140 [INFO] Best checkpoint: /home/nnccld01s15c351l/assembly-mistake-detection/experiments/checkpoints/xlstm-wholevid-epoch=46-val/f1_macro=0.4221.ckpt
2026-06-11 23:05:27,356 [INFO] ================================================================
2026-06-11 23:05:27,357 [INFO] RISULTATI TEST SET:
2026-06-11 23:05:27,357 [INFO]   test/loss: 0.9828
2026-06-11 23:05:27,385 [INFO]   test/correct    → P:0.9624 R:0.9544 F1:0.9584
2026-06-11 23:05:27,385 [INFO]   test/mistake    → P:0.1022 R:0.1155 F1:0.1085
2026-06-11 23:05:27,386 [INFO]   test/correction → P:0.0107 R:0.0151 F1:0.0125
2026-06-11 23:05:27,386 [INFO] ================================================================
2026-06-11 23:05:27,988 [INFO] Grafici test salvati in: figures/xlstm_001
