2026-06-11 23:53:11,139 [INFO] [MetricsCallback] Run ID: xlstm_004 | Log: experiments/logs/xlstm_004.log | Figures: figures/xlstm_004
2026-06-11 23:53:11,140 [INFO] Avvio addestramento xLSTM Whole Video. Run: xlstm_004
2026-06-11 23:53:11,143 [INFO] Dispositivo: cuda
2026-06-11 23:53:11,143 [INFO] Inizializzazione dataloaders...
2026-06-11 23:53:36,092 [INFO] Inizializzazione modello xLSTM...
2026-06-11 23:53:36,477 [INFO] Modello: xLSTM (Whole Video) — Parametri trainabili: 4,535,843
2026-06-11 23:53:36,477 [INFO] Estimated total steps: 2875
2026-06-11 23:53:37,256 [INFO] Avvio training...
2026-06-11 23:53:37,380 [INFO] ================================================================
2026-06-11 23:53:37,380 [INFO] MODELLO : XLSTM  |  RUN : xlstm_004
2026-06-11 23:53:37,380 [INFO] AVVIO   : 2026-06-11 23:53:37
2026-06-11 23:53:37,380 [INFO] ================================================================
2026-06-11 23:53:37,381 [INFO] PARAMETRI TRAINING:
2026-06-11 23:53:37,381 [INFO]   accumulate_grad_batches            : 4
2026-06-11 23:53:37,381 [INFO]   batch_size                         : 2
2026-06-11 23:53:37,381 [INFO]   ckpt_dir                           : experiments/checkpoints
2026-06-11 23:53:37,381 [INFO]   class_weight_exp                   : 1.5
2026-06-11 23:53:37,381 [INFO]   d_model                            : 384
2026-06-11 23:53:37,381 [INFO]   dropout                            : 0.4
2026-06-11 23:53:37,381 [INFO]   epochs                             : 100
2026-06-11 23:53:37,382 [INFO]   focal_gamma                        : 2.0
2026-06-11 23:53:37,382 [INFO]   lr                                 : 1.5e-05
2026-06-11 23:53:37,382 [INFO]   max_seq_len                        : 8000
2026-06-11 23:53:37,382 [INFO]   n_layers                           : 4
2026-06-11 23:53:37,382 [INFO]   num_workers                        : 4
2026-06-11 23:53:37,382 [INFO]   processed_dir                      : data/processed
2026-06-11 23:53:37,383 [INFO]   resume                             : False
2026-06-11 23:53:37,383 [INFO]   seed                               : 42
2026-06-11 23:53:37,383 [INFO]   use_checkpointing                  : True
2026-06-11 23:53:37,383 [INFO]   wandb_project                      : mistake-detection
2026-06-11 23:53:37,383 [INFO]   wandb_run_name                     : xlstm-wholevid-5299
2026-06-11 23:53:37,383 [INFO]   weight_decay                       : 0.05
2026-06-11 23:53:37,383 [INFO] ================================================================
2026-06-11 23:56:21,853 [INFO] Epoch   0 | train_loss: 0.9668 | val_loss: 0.7531 | mistake    → P:0.063 R:0.216 F1:0.098 | correction → P:0.009 R:0.161 F1:0.017 | lr: 6.00e-06
2026-06-11 23:59:00,946 [INFO] Epoch   1 | train_loss: 0.9070 | val_loss: 0.6906 | mistake    → P:0.006 R:0.000 F1:0.000 | correction → P:0.000 R:0.000 F1:0.000 | lr: 1.05e-05
2026-06-12 00:01:41,588 [INFO] Epoch   2 | train_loss: 0.8813 | val_loss: 0.7017 | mistake    → P:0.068 R:0.005 F1:0.010 | correction → P:0.000 R:0.000 F1:0.000 | lr: 1.50e-05
2026-06-12 00:04:22,049 [INFO] Epoch   3 | train_loss: 0.8466 | val_loss: 0.7470 | mistake    → P:0.148 R:0.028 F1:0.047 | correction → P:0.000 R:0.000 F1:0.000 | lr: 1.50e-05
2026-06-12 00:07:02,820 [INFO] Epoch   4 | train_loss: 0.8291 | val_loss: 0.7279 | mistake    → P:0.070 R:0.113 F1:0.086 | correction → P:0.013 R:0.015 F1:0.014 | lr: 1.50e-05
2026-06-12 00:09:42,709 [INFO] Epoch   5 | train_loss: 0.7869 | val_loss: 0.7476 | mistake    → P:0.071 R:0.194 F1:0.104 | correction → P:0.010 R:0.020 F1:0.013 | lr: 1.50e-05
2026-06-12 00:12:24,137 [INFO] Epoch   6 | train_loss: 0.7594 | val_loss: 0.7861 | mistake    → P:0.067 R:0.230 F1:0.104 | correction → P:0.018 R:0.054 F1:0.027 | lr: 1.49e-05
2026-06-12 00:15:04,904 [INFO] Epoch   7 | train_loss: 0.7452 | val_loss: 0.8351 | mistake    → P:0.058 R:0.268 F1:0.095 | correction → P:0.018 R:0.073 F1:0.028 | lr: 1.49e-05
2026-06-12 00:17:44,306 [INFO] Epoch   8 | train_loss: 0.7161 | val_loss: 0.8675 | mistake    → P:0.075 R:0.193 F1:0.108 | correction → P:0.032 R:0.121 F1:0.050 | lr: 1.49e-05
2026-06-12 00:20:24,319 [INFO] Epoch   9 | train_loss: 0.6810 | val_loss: 0.9775 | mistake    → P:0.086 R:0.112 F1:0.097 | correction → P:0.043 R:0.062 F1:0.050 | lr: 1.48e-05
2026-06-12 00:23:04,956 [INFO] Epoch  10 | train_loss: 0.6673 | val_loss: 0.9482 | mistake    → P:0.056 R:0.158 F1:0.083 | correction → P:0.037 R:0.181 F1:0.061 | lr: 1.48e-05
2026-06-12 00:25:46,119 [INFO] Epoch  11 | train_loss: 0.6302 | val_loss: 0.9918 | mistake    → P:0.032 R:0.143 F1:0.052 | correction → P:0.017 R:0.252 F1:0.032 | lr: 1.47e-05
2026-06-12 00:28:26,813 [INFO] Epoch  12 | train_loss: 0.6122 | val_loss: 1.0220 | mistake    → P:0.047 R:0.151 F1:0.072 | correction → P:0.030 R:0.212 F1:0.052 | lr: 1.46e-05
2026-06-12 00:31:06,651 [INFO] Epoch  13 | train_loss: 0.5818 | val_loss: 1.0691 | mistake    → P:0.047 R:0.204 F1:0.077 | correction → P:0.027 R:0.252 F1:0.049 | lr: 1.45e-05
2026-06-12 00:33:47,460 [INFO] Epoch  14 | train_loss: 0.5647 | val_loss: 1.1435 | mistake    → P:0.070 R:0.117 F1:0.088 | correction → P:0.071 R:0.079 F1:0.075 | lr: 1.44e-05
2026-06-12 00:36:28,313 [INFO] Epoch  15 | train_loss: 0.5494 | val_loss: 1.2320 | mistake    → P:0.038 R:0.087 F1:0.053 | correction → P:0.033 R:0.238 F1:0.058 | lr: 1.44e-05
2026-06-12 00:39:08,371 [INFO] Epoch  16 | train_loss: 0.5208 | val_loss: 1.1366 | mistake    → P:0.036 R:0.151 F1:0.059 | correction → P:0.035 R:0.264 F1:0.061 | lr: 1.42e-05
2026-06-12 00:41:47,674 [INFO] Epoch  17 | train_loss: 0.4961 | val_loss: 1.1998 | mistake    → P:0.051 R:0.120 F1:0.072 | correction → P:0.034 R:0.103 F1:0.051 | lr: 1.41e-05
2026-06-12 00:44:28,403 [INFO] Epoch  18 | train_loss: 0.4851 | val_loss: 1.2024 | mistake    → P:0.041 R:0.136 F1:0.063 | correction → P:0.044 R:0.247 F1:0.075 | lr: 1.40e-05
2026-06-12 00:47:08,659 [INFO] Epoch  19 | train_loss: 0.4554 | val_loss: 1.2305 | mistake    → P:0.045 R:0.147 F1:0.069 | correction → P:0.036 R:0.282 F1:0.064 | lr: 1.39e-05
2026-06-12 00:49:48,643 [INFO] Epoch  20 | train_loss: 0.4321 | val_loss: 1.2926 | mistake    → P:0.046 R:0.198 F1:0.075 | correction → P:0.034 R:0.240 F1:0.059 | lr: 1.38e-05
2026-06-12 00:52:28,677 [INFO] Epoch  21 | train_loss: 0.4190 | val_loss: 1.4300 | mistake    → P:0.033 R:0.101 F1:0.049 | correction → P:0.023 R:0.407 F1:0.043 | lr: 1.36e-05
2026-06-12 00:55:08,388 [INFO] Epoch  22 | train_loss: 0.4086 | val_loss: 1.3495 | mistake    → P:0.047 R:0.134 F1:0.070 | correction → P:0.046 R:0.240 F1:0.077 | lr: 1.35e-05
2026-06-12 00:57:48,843 [INFO] Epoch  23 | train_loss: 0.3938 | val_loss: 1.3846 | mistake    → P:0.043 R:0.110 F1:0.062 | correction → P:0.024 R:0.024 F1:0.024 | lr: 1.33e-05
2026-06-12 01:00:28,791 [INFO] Epoch  24 | train_loss: 0.3729 | val_loss: 1.3490 | mistake    → P:0.052 R:0.197 F1:0.082 | correction → P:0.055 R:0.312 F1:0.093 | lr: 1.32e-05
2026-06-12 01:03:08,940 [INFO] Epoch  25 | train_loss: 0.3643 | val_loss: 1.4010 | mistake    → P:0.056 R:0.226 F1:0.089 | correction → P:0.035 R:0.272 F1:0.061 | lr: 1.30e-05
2026-06-12 01:05:48,749 [INFO] Epoch  26 | train_loss: 0.3406 | val_loss: 1.4471 | mistake    → P:0.053 R:0.201 F1:0.084 | correction → P:0.032 R:0.325 F1:0.058 | lr: 1.29e-05
2026-06-12 01:08:29,505 [INFO] Epoch  27 | train_loss: 0.3312 | val_loss: 1.5574 | mistake    → P:0.039 R:0.209 F1:0.065 | correction → P:0.029 R:0.395 F1:0.054 | lr: 1.27e-05
2026-06-12 01:11:09,994 [INFO] Epoch  28 | train_loss: 0.3361 | val_loss: 1.4325 | mistake    → P:0.063 R:0.245 F1:0.100 | correction → P:0.019 R:0.119 F1:0.032 | lr: 1.25e-05
2026-06-12 01:13:50,656 [INFO] Epoch  29 | train_loss: 0.3108 | val_loss: 1.4422 | mistake    → P:0.050 R:0.198 F1:0.080 | correction → P:0.012 R:0.054 F1:0.020 | lr: 1.23e-05
2026-06-12 01:13:50,836 [INFO] ================================================================
2026-06-12 01:13:50,836 [INFO] TRAINING COMPLETATO
2026-06-12 01:13:50,837 [INFO] Best epoch    : 1
2026-06-12 01:13:50,837 [INFO] Best val_loss : 0.6906
2026-06-12 01:13:50,838 [INFO] ================================================================
2026-06-12 01:13:51,363 [INFO] Grafici training salvati in: figures/xlstm_004
2026-06-12 01:13:51,368 [INFO] Best checkpoint: /home/nnccld01s15c351l/assembly-mistake-detection/experiments/checkpoints/xlstm-wholevid-epoch=14-val/f1_macro=0.3704.ckpt
2026-06-12 01:13:59,662 [INFO] ================================================================
2026-06-12 01:13:59,663 [INFO] RISULTATI TEST SET:
2026-06-12 01:13:59,664 [INFO]   test/loss: 0.9915
2026-06-12 01:13:59,689 [INFO]   test/correct    → P:0.9683 R:0.9185 F1:0.9428
2026-06-12 01:13:59,690 [INFO]   test/mistake    → P:0.1242 R:0.1526 F1:0.1369
2026-06-12 01:13:59,690 [INFO]   test/correction → P:0.0179 R:0.1088 F1:0.0307
2026-06-12 01:13:59,690 [INFO] ================================================================
2026-06-12 01:14:00,291 [INFO] Grafici test salvati in: figures/xlstm_004
